// Jest Snapshot v1, https://goo.gl/fbAQLP

exports[`apd state profile, Medicaid office component renders correctly 1`] = `
<Provider
  store={
    Object {
      "clearActions": [Function],
      "dispatch": [Function],
      "getActions": [Function],
      "getState": [Function],
      "replaceReducer": [Function],
      "subscribe": [Function],
    }
  }
>
  <ApdStateKeyPersonnel>
    <FormAndReviewList
      addButtonText="Add another person"
      allowDeleteAll={false}
      className={null}
      collapsed={[Function]}
      expanded={[Function]}
      list={
        Array [
          Object {
            "costs": Object {
              "1": 100,
              "2": 200,
            },
            "email": "person1@theplace.gov",
            "hasCosts": true,
            "key": "person1",
            "name": "person name",
            "percentTime": 27,
            "position": "unobservable",
          },
          Object {
            "costs": Object {
              "1": 0,
              "2": 0,
            },
            "email": "person2@theplace.gov",
            "hasCosts": false,
            "key": "person2",
            "name": "",
            "percentTime": 72,
            "position": "",
          },
        ]
      }
      noDataMessage={null}
      onAddClick={[Function]}
      onDeleteClick={[Function]}
      years={
        Array [
          "1",
          "2",
        ]
      }
    >
      <div
        className="form-and-review-list "
      >
        <FormAndReviewItem
          collapsedComponent={[Function]}
          expandedComponent={[Function]}
          index={0}
          initialCollapsed={true}
          item={
            Object {
              "costs": Object {
                "1": 100,
                "2": 200,
              },
              "email": "person1@theplace.gov",
              "hasCosts": true,
              "key": "person1",
              "name": "person name",
              "percentTime": 27,
              "position": "unobservable",
            }
          }
          key="person1"
          onDeleteClick={[Function]}
          years={
            Array [
              "1",
              "2",
            ]
          }
        >
          <div
            className="form-and-review-list--item__collapsed"
          >
            <ApdStateKeyPerson
              expand={[Function]}
              index={0}
              item={
                Object {
                  "costs": Object {
                    "1": 100,
                    "2": 200,
                  },
                  "email": "person1@theplace.gov",
                  "hasCosts": true,
                  "key": "person1",
                  "name": "person name",
                  "percentTime": 27,
                  "position": "unobservable",
                }
              }
              onDeleteClick={[Function]}
              years={
                Array [
                  "1",
                  "2",
                ]
              }
            >
              <div
                className="visibility--screen"
              >
                <StandardReview
                  editHref={null}
                  heading="1. person name"
                  headingLevel={4}
                  onDeleteClick={[Function]}
                  onEditClick={[Function]}
                >
                  <Review
                    editContent={
                      <div
                        className="nowrap visibility--screen"
                      >
                        <Button
                          onClick={[Function]}
                          size="small"
                          type="button"
                          variation="transparent"
                        >
                          Edit
                        </Button>
                        <React.Fragment>
                          |
                          <Button
                            onClick={[Function]}
                            size="small"
                            type="button"
                            variation="transparent"
                          >
                            Remove
                          </Button>
                        </React.Fragment>
                      </div>
                    }
                    editText="Edit"
                    heading="1. person name"
                    headingLevel={4}
                  >
                    <div
                      className="ds-c-review ds-u-border-bottom--2 ds-u-padding-y--2 ds-u-justify-content--between ds-u-display--flex"
                    >
                      <div
                        className="ds-u-margin-right--2"
                      >
                        <h4
                          className="ds-c-review__heading ds-text ds-u-margin-bottom--0 ds-u-font-weight--bold ds-u-display--inline-block"
                        >
                          1. person name
                        </h4>
                        <div
                          className="ds-c-review__body"
                        >
                          <ul
                            className="ds-c-list--bare"
                          >
                            <li>
                              Primary APD Point of Contact
                            </li>
                            <li>
                              unobservable
                            </li>
                            <li>
                              <strong>
                                Total cost:
                              </strong>
                               
                              <Dollars
                                long={false}
                              >
                                <span
                                  className="visibility--screen"
                                >
                                  $300
                                </span>
                                <span
                                  className="visibility--print"
                                >
                                  $300
                                </span>
                              </Dollars>
                            </li>
                            <li
                              key="1"
                            >
                              <strong>
                                FFY 
                                1
                                 cost:
                              </strong>
                               
                              <Dollars
                                long={false}
                              >
                                <span
                                  className="visibility--screen"
                                >
                                  $100
                                </span>
                                <span
                                  className="visibility--print"
                                >
                                  $100
                                </span>
                              </Dollars>
                            </li>
                            <li
                              key="2"
                            >
                              <strong>
                                FFY 
                                2
                                 cost:
                              </strong>
                               
                              <Dollars
                                long={false}
                              >
                                <span
                                  className="visibility--screen"
                                >
                                  $200
                                </span>
                                <span
                                  className="visibility--print"
                                >
                                  $200
                                </span>
                              </Dollars>
                            </li>
                          </ul>
                        </div>
                      </div>
                      <div
                        className="nowrap visibility--screen"
                      >
                        <Button
                          onClick={[Function]}
                          size="small"
                          type="button"
                          variation="transparent"
                        >
                          <button
                            className="ds-c-button ds-c-button--transparent ds-c-button--small"
                            onClick={[Function]}
                            type="button"
                          >
                            Edit
                          </button>
                        </Button>
                        |
                        <Button
                          onClick={[Function]}
                          size="small"
                          type="button"
                          variation="transparent"
                        >
                          <button
                            className="ds-c-button ds-c-button--transparent ds-c-button--small"
                            onClick={[Function]}
                            type="button"
                          >
                            Remove
                          </button>
                        </Button>
                      </div>
                    </div>
                  </Review>
                </StandardReview>
              </div>
              <div
                className="visibility--print"
              >
                <StandardReview
                  editHref={null}
                  heading="1. person name"
                  onDeleteClick={null}
                  onEditClick={null}
                >
                  <Review
                    editContent={
                      <div
                        className="nowrap visibility--screen"
                      />
                    }
                    editText="Edit"
                    heading="1. person name"
                  >
                    <div
                      className="ds-c-review ds-u-border-bottom--2 ds-u-padding-y--2 ds-u-justify-content--between ds-u-display--flex"
                    >
                      <div
                        className="ds-u-margin-right--2"
                      >
                        <h3
                          className="ds-c-review__heading ds-text ds-u-margin-bottom--0 ds-u-font-weight--bold ds-u-display--inline-block"
                        >
                          1. person name
                        </h3>
                        <div
                          className="ds-c-review__body"
                        >
                          <ul
                            className="ds-c-list--bare"
                          >
                            <li>
                              Primary APD Point of Contact
                            </li>
                            <li>
                              unobservable
                            </li>
                            <li>
                              person1@theplace.gov
                            </li>
                            <li>
                              <strong>
                                Time commitment to project:
                              </strong>
                               
                              27
                              %
                            </li>
                            <li>
                              <strong>
                                Total cost:
                              </strong>
                               
                              <Dollars
                                long={false}
                              >
                                <span
                                  className="visibility--screen"
                                >
                                  $300
                                </span>
                                <span
                                  className="visibility--print"
                                >
                                  $300
                                </span>
                              </Dollars>
                            </li>
                            <li
                              key="1"
                            >
                              <strong>
                                FFY 
                                1
                                 cost:
                              </strong>
                               
                              <Dollars
                                long={false}
                              >
                                <span
                                  className="visibility--screen"
                                >
                                  $100
                                </span>
                                <span
                                  className="visibility--print"
                                >
                                  $100
                                </span>
                              </Dollars>
                            </li>
                            <li
                              key="2"
                            >
                              <strong>
                                FFY 
                                2
                                 cost:
                              </strong>
                               
                              <Dollars
                                long={false}
                              >
                                <span
                                  className="visibility--screen"
                                >
                                  $200
                                </span>
                                <span
                                  className="visibility--print"
                                >
                                  $200
                                </span>
                              </Dollars>
                            </li>
                          </ul>
                        </div>
                      </div>
                      <div
                        className="nowrap visibility--screen"
                      />
                    </div>
                  </Review>
                </StandardReview>
              </div>
            </ApdStateKeyPerson>
          </div>
        </FormAndReviewItem>
        <FormAndReviewItem
          collapsedComponent={[Function]}
          expandedComponent={[Function]}
          index={1}
          initialCollapsed={true}
          item={
            Object {
              "costs": Object {
                "1": 0,
                "2": 0,
              },
              "email": "person2@theplace.gov",
              "hasCosts": false,
              "key": "person2",
              "name": "",
              "percentTime": 72,
              "position": "",
            }
          }
          key="person2"
          onDeleteClick={[Function]}
          years={
            Array [
              "1",
              "2",
            ]
          }
        >
          <div
            className="form-and-review-list--item__collapsed"
          >
            <ApdStateKeyPerson
              expand={[Function]}
              index={1}
              item={
                Object {
                  "costs": Object {
                    "1": 0,
                    "2": 0,
                  },
                  "email": "person2@theplace.gov",
                  "hasCosts": false,
                  "key": "person2",
                  "name": "",
                  "percentTime": 72,
                  "position": "",
                }
              }
              onDeleteClick={[Function]}
              years={
                Array [
                  "1",
                  "2",
                ]
              }
            >
              <div
                className="visibility--screen"
              >
                <StandardReview
                  editHref={null}
                  heading="2. "
                  headingLevel={4}
                  onDeleteClick={[Function]}
                  onEditClick={[Function]}
                >
                  <Review
                    editContent={
                      <div
                        className="nowrap visibility--screen"
                      >
                        <Button
                          onClick={[Function]}
                          size="small"
                          type="button"
                          variation="transparent"
                        >
                          Edit
                        </Button>
                        <React.Fragment>
                          |
                          <Button
                            onClick={[Function]}
                            size="small"
                            type="button"
                            variation="transparent"
                          >
                            Remove
                          </Button>
                        </React.Fragment>
                      </div>
                    }
                    editText="Edit"
                    heading="2. "
                    headingLevel={4}
                  >
                    <div
                      className="ds-c-review ds-u-border-bottom--2 ds-u-padding-y--2 ds-u-justify-content--between ds-u-display--flex"
                    >
                      <div
                        className="ds-u-margin-right--2"
                      >
                        <h4
                          className="ds-c-review__heading ds-text ds-u-margin-bottom--0 ds-u-font-weight--bold ds-u-display--inline-block"
                        >
                          2. 
                        </h4>
                        <div
                          className="ds-c-review__body"
                        >
                          <ul
                            className="ds-c-list--bare"
                          >
                            <li />
                            <li>
                              <strong>
                                Total cost:
                              </strong>
                               
                              <Dollars
                                long={false}
                              >
                                <span
                                  className="visibility--screen"
                                >
                                  $0
                                </span>
                                <span
                                  className="visibility--print"
                                >
                                  $0
                                </span>
                              </Dollars>
                            </li>
                          </ul>
                        </div>
                      </div>
                      <div
                        className="nowrap visibility--screen"
                      >
                        <Button
                          onClick={[Function]}
                          size="small"
                          type="button"
                          variation="transparent"
                        >
                          <button
                            className="ds-c-button ds-c-button--transparent ds-c-button--small"
                            onClick={[Function]}
                            type="button"
                          >
                            Edit
                          </button>
                        </Button>
                        |
                        <Button
                          onClick={[Function]}
                          size="small"
                          type="button"
                          variation="transparent"
                        >
                          <button
                            className="ds-c-button ds-c-button--transparent ds-c-button--small"
                            onClick={[Function]}
                            type="button"
                          >
                            Remove
                          </button>
                        </Button>
                      </div>
                    </div>
                  </Review>
                </StandardReview>
              </div>
              <div
                className="visibility--print"
              >
                <StandardReview
                  editHref={null}
                  heading="2. "
                  onDeleteClick={null}
                  onEditClick={null}
                >
                  <Review
                    editContent={
                      <div
                        className="nowrap visibility--screen"
                      />
                    }
                    editText="Edit"
                    heading="2. "
                  >
                    <div
                      className="ds-c-review ds-u-border-bottom--2 ds-u-padding-y--2 ds-u-justify-content--between ds-u-display--flex"
                    >
                      <div
                        className="ds-u-margin-right--2"
                      >
                        <h3
                          className="ds-c-review__heading ds-text ds-u-margin-bottom--0 ds-u-font-weight--bold ds-u-display--inline-block"
                        >
                          2. 
                        </h3>
                        <div
                          className="ds-c-review__body"
                        >
                          <ul
                            className="ds-c-list--bare"
                          >
                            <li />
                            <li>
                              person2@theplace.gov
                            </li>
                            <li>
                              <strong>
                                Time commitment to project:
                              </strong>
                               
                              72
                              %
                            </li>
                            <li>
                              <strong>
                                Total cost:
                              </strong>
                               
                              <Dollars
                                long={false}
                              >
                                <span
                                  className="visibility--screen"
                                >
                                  $0
                                </span>
                                <span
                                  className="visibility--print"
                                >
                                  $0
                                </span>
                              </Dollars>
                            </li>
                          </ul>
                        </div>
                      </div>
                      <div
                        className="nowrap visibility--screen"
                      />
                    </div>
                  </Review>
                </StandardReview>
              </div>
            </ApdStateKeyPerson>
          </div>
        </FormAndReviewItem>
        <Button
          className="visibility--screen"
          onClick={[Function]}
          type="button"
        >
          <button
            className="ds-c-button visibility--screen"
            onClick={[Function]}
            type="button"
          >
            Add another person
          </button>
        </Button>
      </div>
    </FormAndReviewList>
  </ApdStateKeyPersonnel>
</Provider>
`;
